// Jest Snapshot v1, https://goo.gl/fbAQLP

exports[`snapshot testing snapshot for App component 1`] = `
<div
  className="App"
>
  <a
    href="https://jestjs.io/docs/snapshot-testing"
  >
    jest snapshot
  </a>
</div>
`;
